Script started on Thursday 10 July 2014 10:28:00 AM IST
ansi@uclient:~/Theja/cw$ w
 10:28:06 up 24 min, 10 users,  load average: 0.00, 0.02, 0.05
USER     TTY      FROM             LOGIN@   IDLE   JCPU   PCPU WHAT
ansi     pts/0    10.0.0.1         10:15    1:18   0.09s  0.03s vi factorial.c
ansi     pts/3    10.0.0.1         10:07    6.00s  0.06s  0.05s -bash
user1    pts/4    10.0.0.1         10:07    9:26   0.05s  0.04s -bash
ansi     pts/6    10.0.0.1         10:26    6.00s  0.04s  0.00s script
ansi     pts/7    10.0.0.1         10:08   30.00s  0.09s  0.03s vi for2.c
user1    pts/8    10.0.0.1         10:08    6.00s  0.06s  0.05s -bash
user1    pts/9    10.0.0.1         10:16    6.00s  0.10s  0.03s vi questions.c
ansi     pts/10   10.0.0.1         10:22    6.00s  0.10s  0.04s vi 1.c
user1    pts/11   10.0.0.1         10:23    6.00s  0.28s  0.23s vi di.c
user1    pts/12   10.0.0.1         10:24    2:46   0.08s  0.06s -bash
ansi@uclient:~/Theja/cw$ unA[D[KAME
unAME: command not found
ansi@uclient:~/Theja/cw$ uname
Linux
ansi@uclient:~/Theja/cw$ du
372	.
ansi@uclient:~/Theja/cw$ scp
usage: scp [-12346BCpqrv] [-c cipher] [-F ssh_config] [-i identity_file]
           [-l limit] [-o ssh_option] [-P port] [-S program]
           [[user@]host1:]file1 ... [[user@]host2:]file2
ansi@uclient:~/Theja/cw$ wc


      2       0       2
ansi@uclient:~/Theja/cw$ we[D[Kc [D[K[D[K[D[Kls
[0m[01;32m2big[0m    7.c         [01;32mdigi[0m    marr.c     [01;32msdigit[0m    showbit.c   val.c
2big.c  [01;32mbinary[0m      digi.c  [01;32mprint[0m      sdigit.c  [01;32msqauar[0m      [01;32mwhile[0m
[01;32m3big[0m    binary.c    [01;32meven[0m    print.c    [01;32mseason[0m    sqauar.c    while.c
3big.c  [01;32mcube[0m        even.c  [01;32mproduct[0m    season.c  [01;32mtotalavg[0m    [01;32myymmdd[0m
[01;32m4big[0m    cube.c      [01;32mgrad[0m    product.c  [01;32mseries[0m    totalavg.c  yymmdd.c
4big.c  [01;32mcurrency[0m    grad.c  [01;32mrevers[0m     series.c  typescript
[01;32m7[0m       currency.c  [01;32mmarr[0m    revers.c   [01;32mshowbit[0m   [01;32mval[0m
ansi@uclient:~/Theja/cw$ wc cube
   6   76 8620 cube
ansi@uclient:~/Theja/cw$ vi fact.c
[2;1Hâ–½[6n[1;1H  [1;1H[m[m[0m[H[2J[25;1H"fact.c" [New File][2;1H[1m[34m~                                                                               [3;1H~                                                                               [4;1H~                                                                               [5;1H~                                                                               [6;1H~                                                                               [7;1H~                                                                               [8;1H~                                                                               [9;1H~                                                                               [10;1H~                                                                               [11;1H~                                                                               [12;1H~                                                                               [13;1H~                                                                               [14;1H~                                                                               [15;1H~                                                                               [16;1H~                                                                               [17;1H~                                                                               [18;1H~                                                                               [19;1H~                                                                               [20;1H~                                                                               [21;1H~                                                                               [22;1H~                                                                               [23;1H~                                                                               [24;1H~                                                                               [0m[25;63H0,0-1[9CAll[1;1H[25;1H[1m-- INSERT --[0m[25;13H[K[25;63H0,1[11CAll[1;1H[2;1H[K[25;63H2[2;1H[3;1H[K[25;63H3[3;1H[4;1H[K[25;63H4[4;1H[25;65H2-9[4;9H#[25;65H3-10[4;10Hi[25;65H4-11[4;11Hn[25;65H5-12[4;12Hc[25;65H6-13[4;13Hl[25;65H7-14[4;14Hu[25;65H8-15[4;15Hd[25;65H9-16[4;16He[25;65H10-17[4;17H[35m        #include<[0m[25;66H1-18[4;18H[31m<>[0m[25;66H2-19[4;19H[25;66H1-18[4;18H[31ms>[0m[25;66H2-19[4;19H[31mt>[0m[25;66H3-20[4;20H[31md>[0m[25;66H4-21[4;21H[31mi>[0m[25;66H5-22[4;22H[31mo>[0m[25;66H6-23[4;23H[31m.>[0m[25;66H7-24[4;24H[31mh>[0m[25;66H8-25[4;25H[25;66H9-26[4;26H[5;1H[K[25;63H5,1    [5;1H[25;65H2-9[5;9Hi[25;65H3-10[5;10Hn[25;65H4-11[5;11H[32mint[0m[25;65H5-12[5;12H[25;65H6-13[5;13Hm[25;65H7-14[5;14Ha[25;65H8-15[5;15Hi[25;65H9-16[5;16Hn[25;65H10-17[5;17H([25;63H[K[25;63H5,11-18[7CAll[5;18H)[46m()[0m[25;63H[K[25;63H5,12-19[7CAll[5;19H[6;1H[K[5;17H()[25;63H6,1    [6;1H[25;65H2-9[6;9H{[25;63H[K[25;63H6,3-10[8CAll[6;10H[7;1H[K[25;63H7,1   [7;1H[8;1H[K[25;63H8[8;1H[9;1H[K[25;63H9[9;1H[10;1H[K[25;63H10,1[10;1H[11;1H[K[25;64H1[11;1H[12;1H[K[25;64H2[12;1H[13;1H[K[25;64H3[13;1H[14;1H[K[25;64H4[14;1H[15;1H[K[25;64H5[15;1H[16;1H[K[25;64H6[16;1H[17;1H[K[25;64H7[17;1H[18;1H[K[25;64H8[18;1H[19;1H[K[25;64H9[19;1H[25;66H2-9[19;9H[25;66H3-17[19;17H[25;66H2-9 [19;9Hr[25;66H3-10[19;10He[25;66H4-11[19;11Ht[25;66H5-12[19;12Hu[25;66H6-13[19;13Hr[25;66H7-14[19;14H[33mreturn[0m[25;66H8-15[19;15Hreturn0[25;66H9-16[19;16H[19;9H[33mreturn[0m[19;15H[K[25;66H8-15[19;15H[25;66H9-16[19;16H[31m0[0m[25;66H10-17[19;17H;[25;67H1-18[19;18H[20;1H[K[25;63H20,1    [20;1H[25;66H2-9[20;9H}[6;9H[46m{[20;9H}[0m[25;63H[K[25;63H20,3-10[7CAll[20;10H[6;9H{[20;9H}[25;63H19[19;10H[25;64H8,1   [18;1H[25;64H7[17;1H[25;64H6[16;1H[25;64H5[15;1H[25;64H4[14;1H[25;64H3[13;1H[25;64H2[12;1H[25;64H1[11;1H[25;64H0[10;1H[25;63H9,1 [9;1H[25;63H8[8;1H[25;63H7[7;1H[6;9H[46m{[20;9H}[0m[25;63H[K[25;63H6,3-10[8CAll[6;10H{[20;9H}[25;63H7,1   [7;1H[25;65H2-9[7;9Hi[25;65H3-10[7;10Hn[25;65H4-11[7;11H[32mint[0m[25;65H5-12[7;12H[25;65H6-13[7;13H[31m1[0m[25;65H7-14[7;14H,[25;65H8-15[7;15Hf[25;65H9-16[7;16Ha[25;65H10-17[7;17Hc[25;66H1-18[7;18Ht[25;66H2-19[7;19H[7;18H[K[25;66H1-18[7;18H[7;17H[K[25;66H0-17[7;17H[7;16H[K[25;65H9-16 [7;16H[7;15H[K[25;65H8-15[7;15H[7;14H[K[25;65H7-14[7;14H[7;13H[K[25;65H6-13[7;13Hi[25;65H7-14[7;14H,[25;65H8-15[7;15Hn[25;65H9-16[7;16H,[25;65H10-17[7;17Hf[25;66H1-18[7;18H;[25;66H2-19[7;19H[24;1H[K[8;1H[L[25;1H[1m-- INSERT --[0m[50C8,1[11CAll[8;1H[25;65H2-9[8;9Hp[25;65H3-10[8;10Hr[25;65H4-11[8;11Hi[25;65H5-12[8;12Hn[25;65H6-13[8;13Ht[25;65H7-14[8;14Hf[25;65H8-15[8;15H([25;63H[K[25;63H8,9-16[8CAll[8;16H[31m"[20;1H        return 0;
        }[0m[25;65H10-17[8;17H[31m"[0m[20;1H        [33mreturn[0m [1C;
        }[25;66H1-18[8;18H)[46m([2C)[0m[25;63H[K[25;63H8,12-19[7CAll[8;19H;([2C)[25;66H3-20[8;20H[24;1H[K[9;1H[L[25;1H[1m-- INSERT --[0m[50C9,1[11CAll[9;1H[25;65H2-9[9;9Hs[25;65H3-10[9;10Hc[25;65H4-11[9;11Ha[25;65H5-12[9;12Ha[25;65H6-13[9;13Hn[25;65H7-14[9;14Hf[25;65H8-15[9;15H([25;63H[K[25;63H9,9-16[8CAll[9;16H)[46m()[0m[25;63H[K[25;63H9,10-17[7CAll[9;17H[25;65H9-16 [9;16H[31m[46m"[0m[31m)[21;1H        return 0;
        }[9;16H"[0m[31m[46m)[0m[25;65H10-17[9;17H[31m[46m"[0m)[21;1H        [33mreturn[0m [1C;
        }[9;17H[31m"[0m[46m)[0m[25;66H1-18[9;18H([2C)[25;66H0-17[9;17H[31m%"[0m)[25;66H1-18[9;18H[35m%D[0m[31m"[0m)[25;66H2-19[9;19H[31m%"[0m)[9;20H[K[25;66H1-18[9;18H[35m%d[0m[31m"[0m)[25;66H2-19[9;19H[46m([4C)[0m[25;66H3-20[9;20H[46m,[0m),[46m)[0m[25;66H4-21[9;21H[46m&[0m)&[46m)[0m[25;66H5-22[9;22H[46mn[0m)n[46m)[0m[25;66H6-23[9;23H[25;63H[K[25;63H9,17-24[7CAll[9;24H;[9;15H([7C)[25;66H8-25[9;25H[25;63H8,13-20[8;20H[46m([2C)[0m[25;63H[K[25;63H8,12-19[7CAll[8;19H[25;66H1-18[8;18H([2C)[25;66H0-17[8;17H[46m([2C)[0m[25;66H1-18[8;18H([2C)[25;66H0-17[8;17H[31mE"[0m);[25;66H1-18[8;18H[31mn"[0m);[25;66H2-19[8;19H[31mt"[0m);[25;66H3-20[8;20H[31me"[0m);[25;66H4-21[8;21H[31mr"[0m);[25;66H5-22[8;22H[31m "[0m);[25;66H6-23[8;23H[31mt"[0m);[25;66H7-24[8;24H[31mh"[0m);[25;66H8-25[8;25H[31me"[0m);[25;66H9-26[8;26H[31m "[0m);[25;65H20-27[8;27H[31mn"[0m);[25;66H1-28[8;28H[31m "[0m);[25;66H2-29[8;29H[31mv"[0m);[25;66H3-30[8;30H[31ma"[0m);[25;66H4-31[8;31H[31ml"[0m);[25;66H5-32[8;32H[31mu"[0m);[25;66H6-33[8;33H[31me"[0m);[25;66H7-34[8;34H[25;1H[K[8;33H[25;63H8,26-33[7CAll[8;33H[25;63H[K[25;1H:x"fact.c" [New] 22L, 122C written
ansi@uclient:~/Theja/cw$ ls
[0m[01;32m2big[0m    [01;32m7[0m         [01;32mcurrency[0m    fact.c  print.c    sdigit.c  showbit.c   [01;32mval[0m
2big.c  7.c       currency.c  [01;32mgrad[0m    [01;32mproduct[0m    [01;32mseason[0m    [01;32msqauar[0m      val.c
[01;32m3big[0m    [01;32mbinary[0m    [01;32mdigi[0m        grad.c  product.c  season.c  sqauar.c    [01;32mwhile[0m
3big.c  binary.c  digi.c      [01;32mmarr[0m    [01;32mrevers[0m     [01;32mseries[0m    [01;32mtotalavg[0m    while.c
[01;32m4big[0m    [01;32mcube[0m      [01;32meven[0m        marr.c  revers.c   series.c  totalavg.c  [01;32myymmdd[0m
4big.c  cube.c    even.c      [01;32mprint[0m   [01;32msdigit[0m     [01;32mshowbit[0m   typescript  yymmdd.c
ansi@uclient:~/Theja/cw$ ./print
Enter the value a:56^H   
-714866360
-714866360
-714866360
-714866360
-714866360
-714866360
-714866360
-714866360
-714866360
-714866360
-714866360
-714866360
-714866360
-714866360
-714866360
-714866360
-714866360
-714866360
-714866360
-714866360
-714866360
-714866360
-714866360
-714866360
-714866360
-714866360
-714866360
-714866360
-714866360
-714866360
-714866360
-714866360
-714866360
-714866360
-714866360
-714866360
-714866360
-714866360
-714866360
-714866360
-714866360
-714866360
-714866360
-714866360
-714866360
-714866360
-714866360
-714866360
-714866360
-714866360
-714866360
-714866360
-714866360
-714866360
-714866360
-714866360
-714866360
-714866360
-714866360
-714866360
-714866360
-714866360
-714866360
-714866360
-714866360
-714866360
-714866360
-714866360
-714866360
-714866360
-714866360
-714866360
-714866360
-714866360
-714866360
-714866360
-714866360
-714866360
-714866360
-714866360
-714866360
-714866360
-714866360
-714866360
-714866360
-714866360
-714866360
-714866360
-714866360
-714866360
-714866360
-714866360
-714866360
-714866360
-714866360
-714866360
-714866360
-714866360
-714866360
-714866360
-714866360
-714866360
-714866360
-714866360
-714866360
-714866360
-714866360
-714866360
-714866360
-714866360
-714866360
-714866360
-714866360
-714866360
-714866360
-714866360
-714866360
-714866360
-714866360
-714866360
-714866360
-714866360
-714866360
-714866360
-714866360
-714866360
-714866360
-714866360
-714866360
-714866360
-714866360
-714866360
-714866360
-714866360
-714866360
-714866360
-714866360
-714866360
-714866360
-714866360
-714866360
-714866360
-714866360
-714866360
-714866360
-714866360
-714866360
-714866360
-714866360
-714866360
-714866360
-714866360
-714866360
-714866360
-714866360
-714866360
-714866360
-714866360
-714866360
-714866360
-714866360
-714866360
-714866360
-714866360
-714866360
-714866360
-714866360
-714866360
-714866360
-714866360
-714866360
-714866360
-714866360
-714866360
-714866360
-714866360
-714866360
-714866360
-714866360
-714866360
-714866360
-714866360
-714866360
-714866360
-714866360
-714866360
-714866360
-714866360
-714866360
-714866360
-714866360
-714866360
-714866360
-714866360
-714866360
-714866360
-714866360
-714866360
-714866360
-714866360
-714866360
-714866360
-714866360
-714866360
-714866360
-714866360
-714866360
-714866360
-714866360
-714866360
-714866360
-714866360
-714866360
-714866360
-714866360
-714866360
-714866360
-714866360
-714866360
-714866360
-714866360
-714866360
-714866360
-714866360
-714866360
-714866360
-714866360
-714866360
-714866360
-714866360
-714866360
-714866360
-714866360
-714866360
-714866360
-714866360
-714866360
-714866360
-714866360
-714866360
-714866360
-714866360
-714866360
-714866360
-714866360
-714866360
ansi@uclient:~/Theja/cw$ vi print.c
[2;1Hâ–½[6n[1;1H  [1;1H[m[m[0m[H[2J[25;1H"print.c" 27L, 195C[5;1H[35m        #include[0m[31m<stdio.h>[0m
[35m        #include[0m[31m<math.h>[0m[8;9H[32mint[0m main()[9;9H{[11;9H[32mint[0m a,b=[31m250[0m;[13;9Hprintf([31m"Enter the value a:"[0m);[14;9Hscanf([31m"[0m[35m%d[0m[31m"[0m,&a);[16;9H[33mwhile[0m(a <= b)[17;17H{[19;17Hprintf([31m"[0m[35m%d\n[0m[31m"[0m, &a);[21;17Ha++;[22;17H}[25;63H1,0-1[9CTop[1;1H[25;1H[K[25;1H:x[25;1H[K[25;1Hansi@uclient:~/Theja/cw$ ls
[0m[01;32m2big[0m    [01;32m7[0m         [01;32mcurrency[0m    fact.c  print.c    sdigit.c  showbit.c   [01;32mval[0m
2big.c  7.c       currency.c  [01;32mgrad[0m    [01;32mproduct[0m    [01;32mseason[0m    [01;32msqauar[0m      val.c
[01;32m3big[0m    [01;32mbinary[0m    [01;32mdigi[0m        grad.c  product.c  season.c  sqauar.c    [01;32mwhile[0m
3big.c  binary.c  digi.c      [01;32mmarr[0m    [01;32mrevers[0m     [01;32mseries[0m    [01;32mtotalavg[0m    while.c
[01;32m4big[0m    [01;32mcube[0m      [01;32meven[0m        marr.c  revers.c   series.c  totalavg.c  [01;32myymmdd[0m
4big.c  cube.c    even.c      [01;32mprint[0m   [01;32msdigit[0m     [01;32mshowbit[0m   typescript  yymmdd.c
ansi@uclient:~/Theja/cw$ vi sdigit.c
[2;1Hâ–½[6n[1;1H  [1;1H[m[m[0m[H[2J[25;1H"sdigit.c" 25L, 195C[4;1H[35m        #include[0m[31m<stdio.h>[0m[5;9H[32mint[0m main()[6;9H{[7;9H[32mint[0m n, i, s;[8;9Hprintf([31m"[0m[35m\n[0m[31mEnter the digits limit"[0m);[9;9Hscanf([31m"[0m[35m%d[0m[31m"[0m,&n);[12;9H[33mfor[0m(i=[31m1[0m;i<=n;i++)[13;9H{[15;9Hs= i*(i-[31m1[0m) /[31m2[0m;[17;9Hprintf([31m"[0m[35m%d\n[0m[31m"[0m,s);[22;9H}[24;9H[33mreturn[0m [31m0[0m;[25;63H1,0-1[9CTop[1;1H[25;1H[K[25;1H:x[25;1H[K[25;1Hansi@uclient:~/Theja/cw$ ./sdigit

Enter the digits limit56^H   
0
1
3
6
10
ansi@uclient:~/Theja/cw$ vi fsa[D[K[D[Kact.c 
[2;1Hâ–½[6n[1;1H  [1;1H[m[m[0m[H[2J[25;1H"fact.c" 22L, 122C[4;1H[35m        #include[0m[31m<stdio.h>[0m[5;9H[32mint[0m main()[6;9H{[7;9H[32mint[0m i,n,f;[8;9Hprintf([31m"Enter the n value"[0m);[9;9Hscaanf([31m"[0m[35m%d[0m[31m"[0m,&n);[21;9H[33mreturn[0m [31m0[0m;[22;9H}
[1m[34m~                                                                               [24;1H~                                                                               [0m[25;63H1,0-1[9CAll[1;1H[25;1H[1m-- INSERT --[0m[25;13H[K[25;63H1,1[11CAll[1;1H[25;63H2[2;1H[25;63H3[3;1H[25;63H4[4;1H[25;63H5[5;1H[25;63H6[6;1H[25;63H7[7;1H[25;63H8[8;1H[25;63H9[9;1H[25;63H10,1[10;1H[25;64H1[11;1H[25;64H0[10;1H[25;66H2-9[10;9H[25;63H9,2-9 [9;9H[25;63H10,2-9[10;9Hf[25;66H3-10[10;10Ho[25;66H4-11[10;11H[33mfor[0m[25;66H5-12[10;12H[25;66H6-13[10;13H([25;63H[K[25;63H10,7-14[7CAll[10;14H)[46m()[0m[25;63H[K[25;63H10,8-15[7CAll[10;15H[25;66H7-14[10;14H[46mi[0m)i[46m)[0m[25;66H8-15[10;15H[46m=[0m)=[46m)[0m[25;66H9-16[10;16H[31m[46m0[0m)[31m0[0m[46m)[0m[25;66H10-17[10;17H[46m;[0m);[46m)[0m[25;67H1-18[10;18H[46mi[0m)i[46m)[0m[25;67H2-19[10;19H[46m<[0m)<[46m)[0m[25;67H3-20[10;20H[46m=[0m)=[46m)[0m[25;67H4-21[10;21H[46mn[0m)n[46m)[0m[25;67H5-22[10;22H[46m;[0m);[46m)[0m[25;67H6-23[10;23H[46m [0m) [46m)[0m[25;67H7-24[10;24H[46mi[0m)i[46m)[0m[25;67H8-25[10;25H[46m+[0m)+[46m)[0m[25;67H9-26[10;26H[46m+[0m)+[46m)[0m[25;66H20-27[10;27H[10;13H([13C)[25;66H19-26[10;26H[25;67H8-25[10;25H[25;67H7-24[10;24H[25;67H6-23[10;23H[25;67H5-22[10;22H ; i++)[25;67H6-23[10;23H[25;67H5-22[10;22H[25;67H4-21[10;21H[25;67H3-20[10;20H[25;67H4-21[10;21H n ; i++)[25;67H5-22[10;22H[25;67H4-21[10;21H[25;67H3-20[10;20H[25;67H2-19[10;19H <= n ; i++)[25;67H3-20[10;20H[25;67H2-19[10;19H[25;67H1-18[10;18H i <= n ; i++)[25;67H2-19[10;19H[25;67H1-18[10;18H[25;67H0-17[10;17H ; i <= n ; i++)[25;67H1-18[10;18H; i <= n ; i++)[10;32H[K[25;67H0-17[10;17H[25;66H9-16 [10;16H [31m0[0m; i <= n ; i++)[25;66H10-17[10;17H[25;66H9-16 [10;16H[25;66H8-15[10;15H = [31m0[0m; i <= n ; i++)[25;66H9-16[10;16H= [31m0[0m; i <= n ; i++)[10;33H[K[25;66H8-15[10;15H[25;66H9-16[10;16H[25;66H10-17[10;17H[31m0[0m; i <= n ; i++)[10;32H[K[25;66H9-16 [10;16H[25;66H10-17[10;17H[25;67H1-18[10;18H[25;67H2-19[10;19H[25;67H3-20[10;20H[25;67H4-21[10;21H[25;67H5-22[10;22H[25;67H6-23[10;23H[25;67H7-24[10;24H[25;67H8-25[10;25H[25;67H9-26[10;26H[25;66H20-27[10;27H[25;67H1-28[10;28H[25;67H2-29[10;29H[25;67H3-30[10;30H[10;13H[46m([17C)[0m[25;67H4-31[10;31H[25;63H[K[25;63H10,25-32      All[10;32H[24;1H[K[11;1H[L[25;1H[1m-- INSERT --[0m[50C11,1[10CAll[10;13H([17C)
[25;66H2-9[11;9H[25;66H3-17[11;17H{[46m{[23;9H}[0m[25;63H[K[25;63H11,4-18[7CAll[11;18H[24;1H[K[12;1H[L[23;9H[33m[46mr[0m[24;9H}
[1m-- INSERT --[0m[50C12,1[10CAll[11;17H{[23;9H[33mr[12;1H[0m[24;9H[K[13;1H[L[25;1H[1m-- INSERT --[0m[50C13,1[10CTop[13;1H[25;66H2-9[13;9H[25;66H3-17[13;17H}[11;17H[46m{[13;17H}[0m[25;63H[K[25;63H13,4-18[7CTop[13;18H[11;17H{[13;17H}[25;64H2,1   [12;1H[25;66H2-9[12;9H[25;66H3-17[12;17Hp[25;66H4-18[12;18Hr[25;66H5-19[12;19Hi[25;66H6-20[12;20Hn[25;66H7-21[12;21Ht[25;66H8-22[12;22Hf[25;66H9-23[12;23H([25;63H[K[25;63H12,10-24      Top[12;24H[31m"
                }[24;1H        return 0;[0m[25;67H1-25[12;25H[31m"[0m
                }[24;1H        [33mreturn[0m [1C;[25;67H2-26[12;26H)[46m([2C)[0m[25;63H[K[25;63H12,13-27      Top[12;27H;([2C)[25;67H4-28[12;28H[46m([2C)[0m[25;63H[K[25;63H12,13-27      Top[12;27H[25;67H2-26[12;26H([2C)[25;67H1-25[12;25H[46m([2C)[0m[25;63H[K[25;63H12,10-24      Top[12;24H[25;66H9-23 [12;23H([2C)[25;66H8-22[12;22H[11;17H[46m{[13;17H}[0m[25;63H[K[25;63H11,4-18[7CTop[11;18H{[13;17H}[25;64H0,15-22[10;22H[11;17H[46m{[13;17H}[0m[25;63H[K[25;63H11,4-18[7CTop[11;18H[24;9H[K[12;1H[L[13;17H[46mp[0m[14;17H}[25;1H[1m-- INSERT --[0m[50C12,1[10CTop[11;17H{[13;17Hp[12;1H[25;66H2-9[12;9H[25;66H3-17[12;17H
[L[25;1H[1m-- INSERT --[0m[50C13,1[10CTop[13;1H[25;66H2-9[13;9H[25;66H3-17[13;17H[25;64H2[12;17H[11;17H[46m{[15;17H}[0m[25;64H1[11;17H{[15;17H}[25;64H0,10-17[10;17H[25;67H1-18[10;18H[25;67H2-19[10;19H[25;67H3-20[10;20H[25;67H4-21[10;21H[25;67H5-22[10;22H[25;67H6-23[10;23H[25;67H7-24[10;24H[25;67H8-25[10;25H[25;67H9-26[10;26H[25;66H20-27[10;27H[25;67H1-28[10;28H[11;17H[46m{[15;17H}[0m[25;63H[K[25;63H11,4-18[7CTop[11;18H{[15;17H}[25;64H2,3-17[12;17Hf[25;66H4-18[12;18H[25;66H5-19[12;19H*[25;66H6-20[12;20H=[25;66H7-21[12;21H[25;66H8-22[12;22Hi[25;66H9-23[12;23H;[25;66H10-24[12;24H[25;64H3,3-17 [13;17H[14;23H[46m([2C)[0m[25;63H[K[25;63H14,10-24      Top[14;24H[11;17H[46m{[0m[14;23H([2C)[15;17H[46m}[0m[25;63H[K[25;63H15,4-18[7CTop[15;18H[11;17H{[14;23H[46m([2C)[0m[15;17H}[25;63H[K[25;63H14,10-24      Top[14;24H([2C)[25;67H1-25[14;25H[31m%"[0m);[25;67H2-26[14;26H[35m%d[0m[31m"[0m);[25;67H3-27[14;27H[46m([4C)[0m[25;67H4-28[14;28H[46m,[0m);,[46m)[0m[25;67H5-29[14;29H[46m&[0m);&[46m)[0m[25;67H6-30[14;30H[14;23H([6C)[25;67H5-29[14;29H[25;67H4-28[14;28H[25;67H3-27[14;27H[35m\"[0m[31m,&);
                }[0m[25;67H4-28[14;28H[35mn[0m[31m"[0m,&);
                }[25;67H5-29[14;29H[25;67H6-30[14;30H[25;67H7-31[14;31H[14;23H[46m([8C)[0m[25;67H8-32[14;32H[25;63H[K[25;63H14,19-33      Top[14;33H[25;67H8-32[14;32H[46mf[0m);f[46m)[0m[25;67H9-33[14;33H[25;63H[K[25;63H14,20-34      Top[14;34H[14;23H([9C)[25;67H1-35[14;35H[11;17H[46m{[15;17H}[0m[25;63H[K[25;63H15,4-18[7CTop[15;18H[11;17H{[15;17H}[25;64H4,21-35[14;35H[14;23H[46m([9C)[0m[25;63H[K[25;63H14,20-34      Top[14;34H[25;66H19-33[14;33H[14;23H([9C)[25;67H8-32[14;32H[25;67H7-31[14;31H[25;67H6-30[14;30H[25;67H5-29[14;29H[25;67H4-28[14;28H[25;67H3-27[14;27H[25;67H2-26[14;26H[25;67H1-25[14;25H[25;67H2-26[14;26H[25;67H1-25[14;25H[25;67H2-26[14;26H[25;67H3-27[14;27H[25;67H4-28[14;28H[25;67H5-29[14;29H[25;67H6-30[14;30H[25;67H7-31[14;31H[25;67H8-32[14;32H[14;23H[46m([9C)[0m[25;67H9-33[14;33H[25;63H[K[25;63H14,20-34      Top[14;34H[14;23H([9C)[25;67H1-35[14;35H[14;23H[46m([9C)[0m[25;63H[K[25;63H14,20-34      Top[14;34H[25;66H19-33[14;33H[14;23H([9C)[25;67H8-32[14;32H[25;67H7-31[14;31H[25;67H6-30[14;30H[25;67H5-29[14;29H[25;67H4-28[14;28H[25;67H3-27[14;27H[25;67H2-26[14;26H[25;67H1-25[14;25H[31mt[0m[35m%d\n[0m[31m"[0m,&f);[25;67H2-26[14;26H[31mh[0m[35m%d\n[0m[31m"[0m,&f);[25;67H3-27[14;27H[31me[0m[35m%d\n[0m[31m"[0m,&f);[25;67H4-28[14;28H[31m [0m[35m%d\n[0m[31m"[0m,&f);[25;67H5-29[14;29H[35m%d\n[0m[31m"[0m,&f);[14;38H[K[25;67H4-28[14;28H[35m%d\n[0m[31m"[0m,&f);[14;37H[K[25;67H3-27[14;27H[35m%d\n[0m[31m"[0m,&f);[14;36H[K[25;67H2-26[14;26H[35m%d\n[0m[31m"[0m,&f);[14;35H[K[25;67H1-25[14;25H[31mT[0m[35m%d\n[0m[31m"[0m,&f);[25;67H2-26[14;26H[31mh[0m[35m%d\n[0m[31m"[0m,&f);[25;67H3-27[14;27H[31me[0m[35m%d\n[0m[31m"[0m,&f);[25;67H4-28[14;28H[31m [0m[35m%d\n[0m[31m"[0m,&f);[25;67H5-29[14;29H[31mf[0m[35m%d\n[0m[31m"[0m,&f);[25;67H6-30[14;30H[31ma[0m[35m%d\n[0m[31m"[0m,&f);[25;67H7-31[14;31H[31mc[0m[35m%d\n[0m[31m"[0m,&f);[25;67H8-32[14;32H[31mt[0m[35m%d\n[0m[31m"[0m,&f);[25;67H9-33[14;33H[31mo[0m[35m%d\n[0m[31m"[0m,&f);[25;66H20-34[14;34H[31mr[0m[35m%d\n[0m[31m"[0m,&f);[25;67H1-35[14;35H[31mi[0m[35m%d\n[0m[31m"[0m,&f);[25;67H2-36[14;36H[31ml[0m[35m%d\n[0m[31m"[0m,&f);[25;67H3-37[14;37H[31ms[0m[35m%d\n[0m[31m"[0m,&f);[25;67H4-38[14;38H[35m%d\n[0m[31m"[0m,&f);[14;47H[K[25;67H3-37[14;37H[35m%d\n[0m[31m"[0m,&f);[14;46H[K[25;67H2-36[14;36H[35m%d\n[0m[31m"[0m,&f);[14;45H[K[25;67H1-35[14;35H[31me[0m[35m%d\n[0m[31m"[0m,&f);[25;67H2-36[14;36H[31ma[0m[35m%d\n[0m[31m"[0m,&f);[25;67H3-37[14;37H[31ml[0m[35m%d\n[0m[31m"[0m,&f);[25;67H4-38[14;38H[31m [0m[35m%d\n[0m[31m"[0m,&f);[25;67H5-39[14;39H[31mi[0m[35m%d\n[0m[31m"[0m,&f);[25;67H6-40[14;40H[31ms[0m[35m%d\n[0m[31m"[0m,&f);[25;67H7-41[14;41H[25;67H6-40[14;40H[25;67H5-39[14;39H[25;67H4-38[14;38H[25;67H3-37[14;37H[25;67H2-36[14;36H[25;67H1-35[14;35H[25;67H0-34[14;34H[25;66H19-33[14;33H[25;67H8-32[14;32H[25;67H7-31[14;31H[25;67H6-30[14;30H[25;67H5-29[14;29H[35m%f[0m[31mactoreal is[0m[35m%d\n[0m[31m"[0m,&f);[25;67H6-30[14;30H[35md[0m[31mfactoreal is[0m[35m%d\n[0m[31m"[0m,&f);[25;67H7-31[14;31H[31m factoreal is[0m[35m%d\n[0m[31m"[0m,&f);[25;67H8-32[14;32H[25;67H9-33[14;33H[25;66H20-34[14;34H[25;67H1-35[14;35H[25;67H2-36[14;36H[25;67H3-37[14;37H[25;67H4-38[14;38H[25;67H5-39[14;39H[25;67H6-40[14;40H[25;67H7-41[14;41H[25;67H8-42[14;42H[25;67H9-43[14;43H[25;66H30-44[14;44H[25;67H1-45[14;45H[25;67H2-46[14;46H[25;67H3-47[14;47H[25;67H4-48[14;48H[25;67H5-49[14;49H,,&f);[25;67H6-50[14;50H&,&f);[25;67H7-51[14;51Hi,&f);[25;67H8-52[14;52H ,&f);[25;67H9-53[14;53H[25;67H8-52[14;52H[25;67H7-51[14;51H[25;67H6-50[14;50H[25;67H5-49[14;49H[25;67H4-48[14;48H[25;67H3-47[14;47H[25;67H2-46[14;46H[25;67H1-45[14;45H[25;67H0-44[14;44H[25;66H29-43[14;43H[25;67H8-42[14;42H[25;67H7-41[14;41H[25;67H6-40[14;40H[25;67H5-39[14;39H[25;67H4-38[14;38H[25;67H3-37[14;37H[25;67H2-36[14;36H[25;67H1-35[14;35H[25;67H0-34[14;34H[25;66H19-33[14;33H[25;67H8-32[14;32H[25;67H7-31[14;31H[25;67H6-30[14;30H[25;67H5-29[14;29H[25;67H6-30[14;30H[25;67H7-31[14;31H[31m' factoreal is[0m[35m%d\n[0m[31m"[0m,&i ,&f);[25;67H8-32[14;32H[31ms factoreal is[0m[35m%d\n[0m[31m"[0m,&i ,&f);[25;67H9-33[14;33H[25;66H20-34[14;34H[25;67H1-35[14;35H[25;67H2-36[14;36H[25;67H3-37[14;37H[25;67H4-38[14;38H[25;67H5-39[14;39H[25;67H6-40[14;40H[25;67H7-41[14;41H[25;67H8-42[14;42H[25;67H9-43[14;43H[25;66H30-44[14;44H[25;67H1-45[14;45H[25;67H2-46[14;46H[25;67H3-47[14;47H[25;67H4-48[14;48H[25;67H5-49[14;49H[25;64H3,3-17 [13;17H[25;64H2,10-24[12;24H[11;17H[46m{[15;17H}[0m[25;63H[K[25;63H11,4-18[7CTop[11;18H[25;66H3-17[11;17H{[15;17H}[25;64H0,10-17[10;17H[25;66H9-16 [10;16H[25;66H10-17[10;17H; i <= n ; i++)[10;31H[K[25;66H9-16 [10;16H[31m1[0m; i <= n ; i++)[25;66H10-17[10;17H[11;17H[46m{[15;17H}[0m[25;64H1,3-17 [11;17H{[15;17H}[25;64H2[12;17H[25;64H3[13;17H[25;64H4[14;17H[11;17H[46m{[15;17H}[0m[25;64H5[15;17H[11;17H{[15;17H}[25;64H6,1   [16;1H[25;64H7[17;1H[25;64H8[18;1H[25;64H9[19;1H[25;63H20[20;1H[25;64H1[21;1H[25;64H2[22;1H[25;64H3[23;1H[25;64H4[24;1H

[24;1H[K[25;1H[1m-- INSERT --[0m[50C25,1[10C33%[24;1H

[24;1H        [33mreturn[0m [31m0[0m;[24;63H[K[25;1H[1m-- INSERT --[0m[50C26,10-17      66%[24;17H

[24;1H        }[24;10H[K[25;1H[1m-- INSERT --[0m[50C27,3-10[7CBot[3;9H[46m{[24;9H}[0m[25;63H[K[25;63H27,3-10[7CBot[24;10H[3;9H{[24;9H}[25;64H6,10-17[23;17H[25;64H5,1    [22;1H[25;64H4[21;1H[20;1H[M[24;1H[1m[34m~                                                                               [0m[25;1H[1m-- INSERT --[0m[50C23,1[10CBot[20;1H[19;1H[M[24;1H[1m[34m~                                                                               [0m[25;1H[1m-- INSERT --[0m[50C22,1[10CBot[19;1H[18;1H[M[24;1H[1m[34m~                                                                               [0m[25;1H[1m-- INSERT --[0m[50C21,1[10CBot[18;1H[17;1H[M[24;1H[1m[34m~                                                                               [0m[25;1H[1m-- INSERT --[0m[50C20,1[10CBot[17;1H[16;1H[M[24;1H[1m[34m~                                                                               [0m[25;1H[1m-- INSERT --[0m[50C19,1[10CBot[16;1H[15;1H[M[24;1H[1m[34m~                                                                               [0m[25;1H[1m-- INSERT --[0m[50C18,1[10CBot[15;1H[14;1H[M[24;1H[1m[34m~                                                                               [0m[25;1H[1m-- INSERT --[0m[50C17,1[10CBot[14;1H[13;1H[M[24;1H[1m[34m~                                                                               [0m[25;1H[1m-- INSERT --[0m[50C16,1[10CBot[13;1H[12;1H[M[12;17H}[24;1H[1m[34m~                                                                               [0m[25;1H[1m-- INSERT --[0m[50C15,4-18[7CBot[8;17H[46m{[12;17H}[0m[25;63H[K[25;63H15,4-18[7CBot[12;18H[8;17H{[12;17H}[25;64H4[11;18H[8;17H[46m{[12;17H}[0m[25;63H[K[25;63H15,4-18[7CBot[12;18H[8;17H{[12;17H}[25;64H4[11;18H[25;64H3,3-17[10;17H[25;64H4,4-18[11;18H[8;17H[46m{[12;17H}[0m[25;63H[K[25;63H15,4-18[7CBot[12;18H[25;66H3-17[12;17H[24;1H[K[13;1H[L[12;17H[46m [0m
}[25;1H[1m-- INSERT --[0m[50C16,1[10CBot[12;17H[K[13;1H[46m}        [0m}        [46m}[0m[25;66H2-9[13;9H[46m        [0m}[13;9H        [46m}[0m[25;66H3-17[13;17H[8;17H{[13;17H}[25;64H5[12;17H[25;64H4[11;17H[25;64H3[10;17H[25;64H2[9;17H[8;17H[46m{[13;17H}[0m[25;64H1[8;17H{[13;17H}[25;64H0,10-17[7;17H[25;63H9,10-17 [6;17H[25;63H8[5;17H[25;63H7[4;17H[3;9H[46m{[16;9H}[0m[25;63H[K[25;63H6,3-10[8CBot[3;10H[2;17H[46m()[0m[3;9H{[16;9H}[25;63H5,10-17[2;17H()[25;63H4[1;17H[24;1H[K[1;1H[L[25;1H[1m-- INSERT --[0m[50C3,1[11CBot[1;1H[24;1H[K[1;1H[L[25;1H[1m-- INSERT --[0m[50C2,1[11CBot[1;1H[24;1H[K[1;1H[L[25;1H[1m-- INSERT --[0m[50C1,1[11CAll[1;1H[25;1H[K[1;1H[25;63H1,0-1[9CAll[1;1H[25;63H[K[25;1H:x"fact.c" 19L, 207C written
ansi@uclient:~/Theja/cw$ gcc fact.c -o fact
fact.c: In function â€˜mainâ€™:
fact.c:14:3: warning: format â€˜%dâ€™ expects argument of type â€˜intâ€™, but argument 2 has type â€˜int *â€™ [-Wformat=]
   printf("The %d's factoreal is%d\n",&i ,&f);
   ^
fact.c:14:3: warning: format â€˜%dâ€™ expects argument of type â€˜intâ€™, but argument 3 has type â€˜int *â€™ [-Wformat=]
/tmp/ccx1GY9j.o: In function `main':
fact.c:(.text+0x29): undefined reference to `scaanf'
collect2: error: ld returned 1 exit status
ansi@uclient:~/Theja/cw$ gcc fact.c -o fact[D[D[D[D[D[D[D[D[D[D[D[D[D[D[D[D[D[D[8Pvi fact.c 
[2;1Hâ–½[6n[1;1H  [1;1H[m[m[0m[H[2J[25;1H"fact.c" 19L, 207C[4;1H[35m        #include[0m[31m<stdio.h>[0m[5;9H[32mint[0m main()[6;9H{[7;9H[32mint[0m i,n,f;[8;9Hprintf([31m"Enter the n value"[0m);[9;9Hscaanf([31m"[0m[35m%d[0m[31m"[0m,&n);[10;9H[33mfor[0m (i=[31m1[0m; i <= n ; i++)[11;17H{[12;17Hf *= i;[14;17Hprintf([31m"The [0m[35m%d[0m[31m's factoreal is[0m[35m%d\n[0m[31m"[0m,&i ,&f);[16;17H}[18;9H[33mreturn[0m [31m0[0m;[19;9H}
[1m[34m~                                                                               [21;1H~                                                                               [22;1H~                                                                               [23;1H~                                                                               [24;1H~                                                                               [0m[25;63H1,0-1[9CAll[1;1H[25;1H[1m-- INSERT --[0m[25;13H[K[25;63H1,1[11CAll[1;1H[25;63H2[2;1H[25;63H3[3;1H[25;63H4[4;1H[25;63H5[5;1H[25;63H6[6;1H[25;63H7[7;1H[25;63H8[8;1H[25;63H9[9;1H[25;63H10,1[10;1H[25;64H1[11;1H[25;66H2-9[11;9H[8C[46m{[16;17H}[0m[25;66H3-17[11;17H[25;63H[K[25;63H11,4-18[7CAll[11;18H{[16;17H}[25;64H0,11-18[10;18H[25;67H0-17[10;17H[25;66H9-16 [10;16H[25;66H8-15[10;15H[9;15H[46m([7C)[0m[25;63H9,8-15 [9;15H([7C)[25;65H7-14[9;14H[25;65H6-13[9;13Hnf([31m"[0m[35m%d[0m[31m"[0m,&n);[9;24H[K[25;65H5-12[9;12H[25;63H8[8;12H[25;63H7[7;12H[25;63H8[8;12H[25;65H6-13[8;13H[25;65H7-14[8;14Hf[46m([19C)[0m[25;65H8-15[8;15H[25;63H[K[25;63H8,9-16[8CAll[8;16H([19C)[25;65H10-17[8;17H[25;66H1-18[8;18H[25;66H2-19[8;19H[25;66H3-20[8;20H[25;66H4-21[8;21H[25;66H5-22[8;22H[25;66H6-23[8;23H[25;66H7-24[8;24H[25;66H8-25[8;25H[25;66H9-26[8;26H[25;65H20-27[8;27H[25;66H1-28[8;28H[25;66H2-29[8;29H[25;63H7,12-1[7;19H[25;63H8,22-2[8;29H[25;66H1-28[8;28H[25;63H9,17-24[9;24H[25;63H10,21-28[10;28H[25;67H0-27[10;27H[25;66H19-26[10;26H[25;67H8-25[10;25H[25;67H7-24[10;24H[25;67H6-23[10;23H[25;67H5-22[10;22H[25;67H4-21[10;21H[25;67H3-20[10;20H[25;67H2-19[10;19H[25;67H1-18[10;18H[25;67H0-17[10;17H[25;63H9,10-17 [9;17H[25;65H9-16 [9;16H[25;65H10-17[9;17H[25;66H1-18[9;18H[25;63H8[8;18H[25;63H7[7;18H[6;9H[46m{[19;9H}[0m[25;63H[K[25;63H6,3-10[8CAll[6;10H{[19;9H}[25;63H7,11-18[7;18H[25;1H[K[7;17H[25;63H7,10-17[7CAll[7;17H[25;63H[K[25;1H:x"fact.c" 19L, 206C written
ansi@uclient:~/Theja/cw$ vi fact.c [D[D[D[D[D[D[D[D[D[Dgcc fact.c -o fact
fact.c: In function â€˜mainâ€™:
fact.c:14:3: warning: format â€˜%dâ€™ expects argument of type â€˜intâ€™, but argument 2 has type â€˜int *â€™ [-Wformat=]
   printf("The %d's factoreal is%d\n",&i ,&f);
   ^
fact.c:14:3: warning: format â€˜%dâ€™ expects argument of type â€˜intâ€™, but argument 3 has type â€˜int *â€™ [-Wformat=]
ansi@uclient:~/Theja/cw$ gcc fact.c -o fact[D[D[D[D[D[D[D[D[D[D[D[D[D[D[D[D[D[D[8Pvi fact.c 
[2;1Hâ–½[6n[1;1H  [1;1H[m[m[0m[H[2J[25;1H"fact.c" 19L, 206C[4;1H[35m        #include[0m[31m<stdio.h>[0m[5;9H[32mint[0m main()[6;9H{[7;9H[32mint[0m i,n,f;[8;9Hprintf([31m"Enter the n value"[0m);[9;9Hscanf([31m"[0m[35m%d[0m[31m"[0m,&n);[10;9H[33mfor[0m (i=[31m1[0m; i <= n ; i++)[11;17H{[12;17Hf *= i;[14;17Hprintf([31m"The [0m[35m%d[0m[31m's factoreal is[0m[35m%d\n[0m[31m"[0m,&i ,&f);[16;17H}[18;9H[33mreturn[0m [31m0[0m;[19;9H}
[1m[34m~                                                                               [21;1H~                                                                               [22;1H~                                                                               [23;1H~                                                                               [24;1H~                                                                               [0m[25;63H1,0-1[9CAll[1;1H[25;1H[1m-- INSERT --[0m[25;13H[K[25;63H1,1[11CAll[1;1H[25;63H2[2;1H[25;63H3[3;1H[25;63H4[4;1H[25;63H5[5;1H[25;63H6[6;1H[25;63H7[7;1H[25;63H8[8;1H[25;63H9[9;1H[25;63H10,1[10;1H[25;64H1[11;1H[25;64H0[10;1H[25;63H9,1 [9;1H[25;63H8[8;1H[25;63H7[7;1H[25;63H6[6;1H[25;63H5[5;1H[25;63H6[6;1H[25;63H7[7;1H[25;63H8[8;1H[24;1H[K[9;1H[L[8;9H[K[9;9Hprintf([31m"Enter the n value"[0m);[25;1H[1m-- INSERT --[0m[50C9,1[11CAll[9;1H[25;63H8[8;1H[25;63H7[7;1H[25;65H2-9[7;9H[25;65H3-10[7;10H[25;65H4-11[7;11H[25;65H5-12[7;12H[25;65H6-13[7;13H[25;65H7-14[7;14H[25;65H8-15[7;15H n,f;[25;65H9-16[7;16H[25;65H10-17[7;17H[25;66H1-18[7;18H f;[25;66H2-19[7;19H[25;66H1-18[7;18H[25;66H0-17[7;17H[25;65H9-16 [7;16H[25;65H8-15[7;15H[25;65H9-16[7;16H[25;65H10-17[7;17Ho, f;[25;66H1-18[7;18H[25;63H8,1    [8;1H[25;63H9,11-18[9;18H[25;66H2-19[9;19H[25;63H10,12-19[10;19H[25;67H3-20[10;20H[25;67H4-21[10;21H[10;14H[46m([7C)[0m[25;67H5-22[10;22H[46mo[0m);o[46m)[0m[25;67H6-23[10;23H[10;14H([8C)[25;64H1[11;23H[12;17H[46m{[17;17H}[0m[25;63H[K[25;63H12,4-18[7CAll[12;18H{[17;17H}[25;64H1,16-23[11;23H[25;67H7-24[11;24H[25;67H8-25[11;25H0 ; i++)[25;67H9-26[11;26H ; i++)[11;32H[K[25;67H8-25[11;25Ho ; i++)[25;67H9-26[11;26H[12;17H[46m{[17;17H}[0m[25;63H[K[25;63H12,4-18[7CAll[12;18H{[17;17H}[25;64H3,10-24[13;24H[25;64H4,3-17 [14;17H[25;64H5,12-26[15;26H[25;64H6,3-17 [16;17H[12;17H[46m{[17;17H}[0m[25;63H[K[25;63H17,4-18[7CAll[17;18H[12;17H{[17;17H}[25;64H8,1   [18;1H[25;64H9,11-18[19;18H[25;1H[K[19;17H[25;63H19,10-17      All[19;17H[25;63H[K[25;1H:x"fact.c" 20L, 212C written
ansi@uclient:~/Theja/cw$ vi fact.c [D[D[D[D[D[D[D[D[D[Dgcc fact.c -o fact
fact.c: In function â€˜mainâ€™:
fact.c:15:3: warning: format â€˜%dâ€™ expects argument of type â€˜intâ€™, but argument 2 has type â€˜int *â€™ [-Wformat=]
   printf("The %d's factoreal is%d\n",&i ,&f);
   ^
fact.c:15:3: warning: format â€˜%dâ€™ expects argument of type â€˜intâ€™, but argument 3 has type â€˜int *â€™ [-Wformat=]
ansi@uclient:~/Theja/cw$ gcc fact.c -o fact[D[D[D[D[D[D[D[D[D[D[D[D[D[D[D[D[D[D[8Pvi fact.c 
[2;1Hâ–½[6n[1;1H  [1;1H[m[m[0m[H[2J[25;1H"fact.c" 20L, 212C[4;1H[35m        #include[0m[31m<stdio.h>[0m[5;9H[32mint[0m main()[6;9H{[7;9H[32mint[0m i, no, f;[9;9Hprintf([31m"Enter the n value"[0m);[10;9Hscanf([31m"[0m[35m%d[0m[31m"[0m,&no);[11;9H[33mfor[0m (i=[31m1[0m; i <= no ; i++)[12;17H{[13;17Hf *= i;[15;17Hprintf([31m"The [0m[35m%d[0m[31m's factoreal is[0m[35m%d\n[0m[31m"[0m,&i ,&f);[17;17H}[19;9H[33mreturn[0m [31m0[0m;[20;9H}
[1m[34m~                                                                               [22;1H~                                                                               [23;1H~                                                                               [24;1H~                                                                               [0m[25;63H1,0-1[9CAll[1;1H[25;1H[1m-- INSERT --[0m[25;13H[K[25;63H1,1[11CAll[1;1H[25;63H2[2;1H[25;63H3[3;1H[25;63H4[4;1H[25;63H5[5;1H[25;63H6[6;1H[25;63H7[7;1H[25;63H8[8;1H[25;63H9[9;1H[25;63H8[8;1H[25;63H7[7;1H[25;65H2-9[7;9H[25;65H3-10[7;10H[25;65H4-11[7;11H[25;65H5-12[7;12H[25;65H6-13[7;13H[25;65H7-14[7;14H[25;65H8-15[7;15H[25;65H9-16[7;16H[25;65H10-17[7;17H[25;66H1-18[7;18H[6;9H[46m{[20;9H}[0m[25;63H[K[25;63H6,3-10[8CAll[6;10H{[20;9H}[25;63H7,11-18[7;18H[25;66H2-19[7;19H[25;66H1-18[7;18H[25;66H0-17[7;17H[25;65H9-16 [7;16H[25;65H8-15[7;15H[25;65H7-14[7;14H[25;65H6-13[7;13H[25;65H5-12[7;12H[25;65H4-11[7;11H[25;65H3-10[7;10H[25;65H2-9 [7;9H[25;63H8,1  [8;1H[25;63H9,2-9[9;9H[25;65H3-10[9;10Hrintf([31m"Enter the n value"[0m);[9;36H[K[25;65H2-9 [9;9Hprintf([31m"Enter the n value"[0m);[25;65H3-10[9;10H[25;65H4-11[9;11H[25;65H5-12[9;12H[25;65H6-13[9;13H[25;65H7-14[9;14Hf[46m([19C)[0m[25;65H8-15[9;15H([19C)[25;65H7-14[9;14Hf[46m([19C)[0m[25;65H8-15[9;15H[25;63H[K[25;63H9,9-16[8CAll[9;16H([19C)[25;65H10-17[9;17H[25;66H1-18[9;18H[25;66H2-19[9;19H[25;66H3-20[9;20H[25;66H4-21[9;21H[25;66H5-22[9;22H[25;66H6-23[9;23H[25;66H7-24[9;24H[25;66H8-25[9;25H[25;66H9-26[9;26H[25;65H20-27[9;27H[25;66H1-28[9;28H[25;66H2-29[9;29H[25;66H3-30[9;30H[25;66H4-31[9;31H[25;66H5-32[9;32H[25;66H6-33[9;33H[25;63H10,18-25[10;25H[11;13H[46m([18C)[0m[25;63H[K[25;63H11,26-33      All[11;33H[25;67H5-32[11;32H[11;13H([18C)[25;67H4-31[11;31H[25;67H3-30[11;30H[25;67H2-29[11;29H[25;67H1-28[11;28H[25;67H0-27[11;27H[25;64H0,18-25[10;25H[10;14H[46m([8C)[0m[25;63H[K[25;63H10,17-24      All[10;24H[25;67H6-23[10;23H[10;14H([8C)[25;67H5-22[10;22H[25;67H4-21[10;21H[25;67H3-20[10;20Hc&no);[25;67H4-21[10;21H&no);[10;25H[K[25;67H3-20[10;20H &no);[25;67H4-21[10;21H[25;1H[K[10;20H[25;63H10,13-20      All[10;20H[25;63H[K[25;1H:x"fact.c" 20L, 213C written
ansi@uclient:~/Theja/cw$ vi fact.c [D[D[D[D[D[D[D[D[D[Dgcc fact.c -o fact
fact.c: In function â€˜mainâ€™:
fact.c:15:3: warning: format â€˜%dâ€™ expects argument of type â€˜intâ€™, but argument 2 has type â€˜int *â€™ [-Wformat=]
   printf("The %d's factoreal is%d\n",&i ,&f);
   ^
fact.c:15:3: warning: format â€˜%dâ€™ expects argument of type â€˜intâ€™, but argument 3 has type â€˜int *â€™ [-Wformat=]
ansi@uclient:~/Theja/cw$ gcc fact.c -o fact[D[D[D[D[D[D[D[D[D[D[D[D[D[D[D[D[D[D[8Pvi fact.c 
[2;1Hâ–½[6n[1;1H  [1;1H[m[m[0m[H[2J[25;1H"fact.c" 20L, 213C[4;1H[35m        #include[0m[31m<stdio.h>[0m[5;9H[32mint[0m main()[6;9H{[7;9H[32mint[0m i, no, f;[9;9Hprintf([31m"Enter the n value"[0m);[10;9Hscanf([31m"[0m[35m%d[0m[31m"[0m, &no);[11;9H[33mfor[0m (i=[31m1[0m; i <= no ; i++)[12;17H{[13;17Hf *= i;[15;17Hprintf([31m"The [0m[35m%d[0m[31m's factoreal is[0m[35m%d\n[0m[31m"[0m,&i ,&f);[17;17H}[19;9H[33mreturn[0m [31m0[0m;[20;9H}
[1m[34m~                                                                               [22;1H~                                                                               [23;1H~                                                                               [24;1H~                                                                               [0m[25;63H1,0-1[9CAll[1;1H[25;1H[1m-- INSERT --[0m[25;13H[K[25;63H1,1[11CAll[1;1H[25;63H2[2;1H[25;63H3[3;1H[25;63H4[4;1H[25;63H5[5;1H[25;63H6[6;1H[25;63H7[7;1H[25;63H8[8;1H[25;63H9[9;1H[25;63H10,1[10;1H[25;64H1[11;1H[25;64H2[12;1H[25;64H3[13;1H[25;64H4[14;1H[25;64H5[15;1H[25;64H6[16;1H[25;66H2-9[16;9H[25;66H3-17[16;17H[25;64H5[15;17H[25;66H4-18[15;18H[25;66H5-19[15;19H[25;66H6-20[15;20H[25;66H7-21[15;21H[25;66H8-22[15;22Hf[46m([34C)[0m[25;66H9-23[15;23H[25;63H[K[25;63H15,10-24      All[15;24H([34C)[25;67H1-25[15;25H[25;67H2-26[15;26H[25;67H3-27[15;27H[25;67H4-28[15;28H[25;67H5-29[15;29H[25;67H6-30[15;30H[25;67H7-31[15;31H[25;67H8-32[15;32H[25;67H9-33[15;33H[25;67H8-32[15;32H[25;67H7-31[15;31H[25;67H8-32[15;32H[25;67H7-31[15;31H[25;64H4,3-17 [14;17H[25;64H3,10-24[13;24H[12;17H[46m{[17;17H}[0m[25;63H[K[25;63H12,4-18[7CAll[12;18H{[17;17H}[25;64H1,24-31[11;31H[25;64H0,19-26[10;26H[25;63H9,24-31 [9;31H[25;63H8,1    [8;1H[25;63H7,15-22[7;22H[25;66H4-21[7;21H[25;66H3-20[7;20H[25;66H2-19[7;19H[25;66H1-18[7;18H[25;66H0-17[7;17H[25;65H9-16 [7;16H[25;65H8-15[7;15H[25;65H7-14[7;14H[25;63H8,1   [8;1H[25;63H9,7-14[9;14H[10;14H[46m([9C)[0m[25;63H10,7-14[10;14H([9C)[11;13H[46m([18C)[0m[25;63H[K[25;63H11,7-14[7CAll[11;14H([18C)[25;64H2,2-9 [12;9H[25;64H3[13;9H[25;64H4[14;9H[25;64H5[15;9H[25;66H3-17[15;17H[25;66H4-18[15;18H[25;66H5-19[15;19H[25;66H6-20[15;20H[25;66H7-21[15;21H[25;66H8-22[15;22Hf[46m([34C)[0m[25;66H9-23[15;23H[25;63H[K[25;63H15,10-24      All[15;24H([34C)[25;67H1-25[15;25H[25;67H2-26[15;26H[25;67H3-27[15;27H[25;67H4-28[15;28H[25;67H5-29[15;29H[25;67H6-30[15;30H[25;67H7-31[15;31H[25;67H8-32[15;32H[25;67H9-33[15;33H[25;66H20-34[15;34H[25;67H1-35[15;35H[25;67H2-36[15;36H[25;67H3-37[15;37H[25;67H4-38[15;38H[25;67H5-39[15;39H[25;67H6-40[15;40H[25;67H7-41[15;41H[25;67H8-42[15;42H[25;67H9-43[15;43H[25;66H30-44[15;44H[25;67H1-45[15;45H[25;67H2-46[15;46H[25;67H3-47[15;47H[25;67H4-48[15;48H[25;67H5-49[15;49H[25;67H6-50[15;50H[25;67H7-51[15;51H[25;67H8-52[15;52H[25;67H9-53[15;53H[25;66H40-54[15;54H[25;67H1-55[15;55H[25;67H2-56[15;56H&f);[15;59H[K[25;67H1-55[15;55H&f);[15;58H[K[25;67H0-54[15;54H&f);[15;57H[K[25;66H39-53[15;53Hf);[15;56H[K[25;67H8-52[15;52H[25;67H7-51[15;51H[25;67H6-50[15;50H[25;67H5-49[15;49H[25;67H4-48[15;48H[25;67H3-47[15;47H[25;67H2-46[15;46H[25;67H1-45[15;45H[25;67H0-44[15;44H[25;66H29-43[15;43H[25;67H8-42[15;42H[25;67H7-41[15;41H[25;67H6-40[15;40H[25;67H5-39[15;39H[25;67H4-38[15;38H[25;67H3-37[15;37H[25;67H2-36[15;36H[25;67H1-35[15;35H[25;67H0-34[15;34H[25;66H19-33[15;33H[25;67H8-32[15;32H[25;67H7-31[15;31H[25;67H6-30[15;30H[25;67H5-29[15;29H[25;67H6-30[15;30H[25;67H7-31[15;31H[25;67H8-32[15;32H[25;67H9-33[15;33H[25;66H20-34[15;34H[25;67H1-35[15;35H[25;67H0-34[15;34H[25;66H19-33[15;33H[31m factoreal is[0m[35m%d\n[0m[31m"[0m,&f);[15;55H[K[25;67H8-32[15;32H[31m factoreal is[0m[35m%d\n[0m[31m"[0m,&f);[15;54H[K[25;67H7-31[15;31H[35m f[0m[31mactoreal is[0m[35m%d\n[0m[31m"[0m,&f);[15;53H[K[25;67H6-30[15;30H[31m factoreal is[0m[35m%d\n[0m[31m"[0m,&f);[15;52H[K[25;67H5-29[15;29H[31mfactoreal is[0m[35m%d\n[0m[31m"[0m,&f);[15;51H[K[25;67H4-28[15;28H[25;1H[K[15;27H[25;63H15,13-27      All[15;27H[25;63H[K[25;1H:x"fact.c" 20L, 204C written
ansi@uclient:~/Theja/cw$ vi fact.c [D[D[D[D[D[D[D[D[D[Dgcc fact.c -o fact
fact.c: In function â€˜mainâ€™:
fact.c:15:3: warning: format â€˜%dâ€™ expects argument of type â€˜intâ€™, but argument 2 has type â€˜int *â€™ [-Wformat=]
   printf("The factoreal is%d\n",&f);
   ^
ansi@uclient:~/Theja/cw$ gcc fact.c -o fact[D[D[D[D[D[D[D[D[D[D[D[D[D[D[D[D[D[D[8Pvi fact.c 
[2;1Hâ–½[6n[1;1H  [1;1H[m[m[0m[H[2J[25;1H"fact.c" 20L, 204C[4;1H[35m        #include[0m[31m<stdio.h>[0m[5;9H[32mint[0m main()[6;9H{[7;9H[32mint[0m i, no, f;[9;9Hprintf([31m"Enter the n value"[0m);[10;9Hscanf([31m"[0m[35m%d[0m[31m"[0m, &no);[11;9H[33mfor[0m (i=[31m1[0m; i <= no ; i++)[12;17H{[13;17Hf *= i;[15;17Hprintf([31m"The factoreal is[0m[35m%d\n[0m[31m"[0m,&f);[17;17H}[19;9H[33mreturn[0m [31m0[0m;[20;9H}
[1m[34m~                                                                               [22;1H~                                                                               [23;1H~                                                                               [24;1H~                                                                               [0m[25;63H1,0-1[9CAll[1;1H[25;1H[1m-- INSERT --[0m[25;13H[K[25;63H1,1[11CAll[1;1H[25;63H2[2;1H[25;63H3[3;1H[25;63H4[4;1H[25;63H5[5;1H[25;63H6[6;1H[25;63H7[7;1H[25;65H2-9[7;9H[25;65H3-10[7;10H[25;65H4-11[7;11H[25;65H5-12[7;12H[25;65H6-13[7;13H[25;65H7-14[7;14H[25;65H8-15[7;15H[25;65H9-16[7;16H[25;65H10-17[7;17H[25;66H1-18[7;18H[25;66H2-19[7;19H[25;66H3-20[7;20H[25;66H4-21[7;21H;[7;21H[K[25;66H3-20[7;20H;[7;20H[K[25;66H2-19[7;19H;[7;19H[K[25;66H1-18[7;18H[25;66H2-19[7;19H[24;1H[K[8;1H[L[25;1H[1m-- INSERT --[0m[50C8,1[11CAll[8;1H[25;65H2-9[8;9Hl[25;65H3-10[8;10Ho[25;65H4-11[8;11Hn[25;65H5-12[8;12H[32mlong[0m[25;65H6-13[8;13H[25;65H7-14[8;14Hi[25;65H8-15[8;15Hn[25;65H9-16[8;16H[32mint[0m[25;65H10-17[8;17H[25;66H1-18[8;18Hf[25;66H2-19[8;19H;[25;66H3-20[8;20H[25;63H9,1    [9;1H[25;63H10,13-20[10;20H[25;64H1[11;20H[25;64H2[12;20H[13;17H[46m{[18;17H}[0m[25;63H[K[25;63H13,4-18[7CAll[13;18H{[18;17H}[25;64H4,6-20[14;20H[25;64H5,3-17[15;17H[25;64H6,6-20[16;20H[25;66H7-21[16;21H[25;66H8-22[16;22Hf[46m([25C)[0m[25;66H9-23[16;23H[25;63H[K[25;63H16,10-24      All[16;24H([25C)[25;67H1-25[16;25H[25;67H2-26[16;26H[25;67H3-27[16;27H[25;67H4-28[16;28H[25;67H5-29[16;29H[25;67H6-30[16;30H[25;67H7-31[16;31H[25;67H8-32[16;32H[25;67H9-33[16;33H[25;66H20-34[16;34H[25;67H1-35[16;35H[25;67H2-36[16;36H[25;67H3-37[16;37H[25;67H4-38[16;38H[25;67H5-39[16;39H[25;67H6-40[16;40H[25;67H7-41[16;41H[25;67H8-42[16;42H[25;67H9-43[16;43H[25;66H30-44[16;44H[25;66H29-43[16;43H[25;67H8-42[16;42H[35mld\n[0m[31m"[0m,&f);[25;67H9-43[16;43H[25;66H30-44[16;44H[25;67H1-45[16;45H[25;67H2-46[16;46H[25;67H3-47[16;47H[25;67H4-48[16;48H &f);[25;67H5-49[16;49H[25;67H6-50[16;50H[16;23H[46m([27C)[0m[25;67H7-51[16;51H[16;23H([27C)[25;67H6-50[16;50Hf);[16;52H[K[25;67H5-49[16;49Hf);[16;51H[K[25;67H4-48[16;48H f);[25;67H5-49[16;49H[25;67H4-48[16;48H[25;1H[K[16;47H[25;63H16,33-47      All[16;47H[25;1H[1m-- INSERT --[0m[25;63H[K[25;63H16,33-47      All[16;47H[25;67H2-46[16;46H[25;67H1-45[16;45H[25;67H0-44[16;44H[25;66H29-43[16;43H[25;67H8-42[16;42H[25;67H7-41[16;41H[25;67H6-40[16;40H[25;67H5-39[16;39H[25;67H4-38[16;38H[25;67H3-37[16;37H[25;67H2-36[16;36H[25;67H1-35[16;35H[25;67H0-34[16;34H[25;66H19-33[16;33H[25;67H8-32[16;32H[25;67H7-31[16;31H[25;67H6-30[16;30H[25;67H5-29[16;29H[25;67H4-28[16;28H[25;67H5-29[16;29H[35m%f[0m[31mactoreal is[0m[35m%ld\n[0m[31m"[0m, f);[25;67H6-30[16;30H[35md[0m[31mfactoreal is[0m[35m%ld\n[0m[31m"[0m, f);[25;67H7-31[16;31H[31m'factoreal is[0m[35m%ld\n[0m[31m"[0m, f);[25;67H8-32[16;32H[31msfactoreal is[0m[35m%ld\n[0m[31m"[0m, f);[25;67H9-33[16;33H[31m factoreal is[0m[35m%ld\n[0m[31m"[0m, f);[25;66H20-34[16;34H[25;67H1-35[16;35H[25;67H2-36[16;36H[25;67H3-37[16;37H[25;67H4-38[16;38H[25;67H5-39[16;39H[25;67H6-40[16;40H[25;67H7-41[16;41H[25;67H8-42[16;42H[25;67H9-43[16;43H[25;66H30-44[16;44H[25;67H1-45[16;45H[25;67H2-46[16;46H[25;67H3-47[16;47H[25;67H4-48[16;48H[25;67H5-49[16;49H[25;67H6-50[16;50H[25;67H7-51[16;51H[25;67H8-52[16;52H[25;67H9-53[16;53Hi f);[25;66H40-54[16;54H[25;67H1-55[16;55H,f);[25;67H2-56[16;56H[16;23H[46m([33C)[0m[25;67H3-57[16;57H[16;23H([33C)[25;64H5,3-17 [15;17H[25;1H[K[15;16H[25;63H15,2-16[7CAll[15;16H[25;63H[K[25;1H:x"fact.c" 21L, 222C written
ansi@uclient:~/Theja/cw$ vi fact.c [D[D[D[D[D[D[D[D[D[Dgcc fact.c -o fact
ansi@uclient:~/Theja/cw$ ./fact
Enter the n value5
The 1's factoreal is0
The 2's factoreal is0
The 3's factoreal is0
The 4's factoreal is0
The 5's factoreal is0
ansi@uclient:~/Theja/cw$ ./fact[D[D[D[D[D[Dgcc fact.c -o fact[D[D[D[D[D[D[D[D[D[D[D[D[D[D[D[D[D[D[8Pvi fact.c 
[2;1Hâ–½[6n[1;1H  [1;1H[m[m[0m[H[2J[25;1H"fact.c" 21L, 222C[4;1H[35m        #include[0m[31m<stdio.h>[0m[5;9H[32mint[0m main()[6;9H{[7;9H[32mint[0m i, no;[8;9H[32mlong[0m [32mint[0m f;[10;9Hprintf([31m"Enter the n value"[0m);[11;9Hscanf([31m"[0m[35m%d[0m[31m"[0m, &no);[12;9H[33mfor[0m (i=[31m1[0m; i <= no ; i++)[13;17H{[14;17Hf *= i;[16;17Hprintf([31m"The [0m[35m%d[0m[31m's factoreal is[0m[35m%ld\n[0m[31m"[0m,i ,f);[18;17H}[20;9H[33mreturn[0m [31m0[0m;[21;9H}
[1m[34m~                                                                               [23;1H~                                                                               [24;1H~                                                                               [0m[25;63H1,0-1[9CAll[1;1H[25;1H[1m-- INSERT --[0m[25;13H[K[25;63H1,1[11CAll[1;1H[25;63H2[2;1H[25;63H3[3;1H[25;63H4[4;1H[25;63H5[5;1H[25;63H6[6;1H[25;63H7[7;1H[25;63H8[8;1H[25;63H9[9;1H[25;63H10,1[10;1H[25;64H1[11;1H[25;64H0[10;1H[25;64H1[11;1H[25;64H2[12;1H[25;64H3[13;1H[25;64H4[14;1H[25;66H2-9[14;9H[25;66H3-17[14;17H[25;66H4-18[14;18H[25;66H5-19[14;19H[25;64H5,3-17[15;17H[25;64H6,5-19[16;19H[25;64H5,3-17[15;17H[25;64H4,5-19[14;19H[13;17H[46m{[18;17H}[0m[25;63H[K[25;63H13,4-18[7CAll[13;18H{[18;17H}[25;64H4,5-19[14;19H[25;66H6-20[14;20H= i;[14;23H[K[25;66H5-19[14;19H[25;66H6-20[14;20H[25;66H7-21[14;21H[25;66H6-20[14;20H  i;[25;66H7-21[14;21Hf i;[25;66H8-22[14;22H* i;[25;66H9-23[14;23H[25;66H8-22[14;22H * i;[25;66H9-23[14;23H[25;66H10-24[14;24H[25;67H1-25[14;25H[25;67H0-24[14;24H[25;67H1-25[14;25Hi;[14;26H[K[25;67H0-24[14;24H[25;66H9-23 [14;23H*i;[14;25H[K[25;66H8-22[14;22H *i;[25;66H9-23[14;23H[25;66H10-24[14;24H i;[25;67H1-25[14;25H[25;1H[K[14;24H[25;63H14,10-24      All[14;24H[25;63H[K[25;1H:x"fact.c" 21L, 225C written
ansi@uclient:~/Theja/cw$ vi fact.c [D[D[D[D[D[D[D[D[D[D[4P./fact[D[D[D[D[D[Dgcc fact.c -o fact
ansi@uclient:~/Theja/cw$ gcc fact.c -o fact[D[D[D[D[D[D[D[D[D[D[D[D[D[D[D[D[D[D[8Pvi fact.c [D[D[D[D[D[D[D[D[D[D[4P./fact
Enter the n value10
The 1's factoreal is0
The 2's factoreal is0
The 3's factoreal is0
The 4's factoreal is0
The 5's factoreal is0
The 6's factoreal is0
The 7's factoreal is0
The 8's factoreal is0
The 9's factoreal is0
The 10's factoreal is0
ansi@uclient:~/Theja/cw$ ./fact[D[D[D[D[D[Dgcc fact.c -o fact[D[D[D[D[D[D[D[D[D[D[D[D[D[D[D[D[D[D[8Pvi fact.c 
[2;1Hâ–½[6n[1;1H  [1;1H[m[m[0m[H[2J[25;1H"fact.c" 21L, 225C[4;1H[35m        #include[0m[31m<stdio.h>[0m[5;9H[32mint[0m main()[6;9H{[7;9H[32mint[0m i, no;[8;9H[32mlong[0m [32mint[0m f;[10;9Hprintf([31m"Enter the n value"[0m);[11;9Hscanf([31m"[0m[35m%d[0m[31m"[0m, &no);[12;9H[33mfor[0m (i=[31m1[0m; i <= no ; i++)[13;17H{[14;17Hf = f * i;[16;17Hprintf([31m"The [0m[35m%d[0m[31m's factoreal is[0m[35m%ld\n[0m[31m"[0m,i ,f);[18;17H}[20;9H[33mreturn[0m [31m0[0m;[21;9H}
[1m[34m~                                                                               [23;1H~                                                                               [24;1H~                                                                               [0m[25;63H1,0-1[9CAll[1;1H[25;1H[1m-- INSERT --[0m[25;13H[K[25;63H1,1[11CAll[1;1H[25;63H2[2;1H[25;63H3[3;1H[25;63H4[4;1H[25;63H5[5;1H[25;63H6[6;1H[25;63H7[7;1H[25;63H8[8;1H[25;63H9[9;1H[25;63H10,1[10;1H[25;64H1[11;1H[25;64H2[12;1H[25;64H3[13;1H[25;64H4[14;1H[25;64H3[13;1H[25;64H2[12;1H[25;64H1[11;1H[25;64H0[10;1H[25;63H9,1 [9;1H[25;63H8[8;1H[25;65H2-9[8;9H[25;65H3-10[8;10H[25;65H4-11[8;11H[25;65H5-12[8;12H[25;65H6-13[8;13H[25;65H7-14[8;14H[25;65H8-15[8;15H[25;65H9-16[8;16H[25;65H10-17[8;17H[25;66H1-18[8;18H[25;66H2-19[8;19H[25;66H3-20[8;20H[25;66H2-19[8;19H[25;66H1-18[8;18H[25;66H0-17[8;17H[25;65H9-16 [8;16H[25;65H8-15[8;15H[25;65H7-14[8;14Hlongint f;[8;19H[K[25;65H6-13[8;13Hint f;[8;18H[K[25;65H5-12[8;12Hint f;[8;17H[K[25;65H4-11[8;11Hint f;[8;16H[K[25;65H3-10[8;10H[32mint[0m f;[8;15H[K[25;65H2-9 [8;9H[25;63H9,1  [9;1H[25;63H10,2-9[10;9H[25;64H1[11;9H[25;64H2[12;9H[25;64H3[13;9H[25;64H4[14;9H[25;64H5[15;9H[25;64H6[16;9H[25;64H7[17;9H[25;64H8[18;9H[25;64H9,1  [19;1H[25;64H8,2-9[18;9H[25;64H7[17;9H[25;64H6[16;9H[25;66H3-17[16;17H[25;66H4-18[16;18H[25;66H5-19[16;19H[25;66H6-20[16;20H[25;66H7-21[16;21H[25;66H8-22[16;22Hf[46m([33C)[0m[25;66H9-23[16;23H[25;63H[K[25;63H16,10-24      All[16;24H([33C)[25;67H1-25[16;25H[25;67H2-26[16;26H[25;67H3-27[16;27H[25;67H4-28[16;28H[25;67H5-29[16;29H[25;67H6-30[16;30H[25;67H7-31[16;31H[25;67H8-32[16;32H[25;67H9-33[16;33H[25;66H20-34[16;34H[25;67H1-35[16;35H[25;67H2-36[16;36H[25;67H3-37[16;37H[25;67H4-38[16;38H[25;67H5-39[16;39H[25;67H6-40[16;40H[25;67H7-41[16;41H[25;67H8-42[16;42H[25;67H9-43[16;43H[25;66H30-44[16;44H[25;67H1-45[16;45H[25;67H2-46[16;46H[25;67H3-47[16;47H[25;67H4-48[16;48H[25;67H5-49[16;49H[25;67H6-50[16;50H[25;67H5-49[16;49H[25;67H4-48[16;48H[35md\n[0m[31m"[0m,i ,f);[16;58H[K[25;67H3-47[16;47H[25;1H[K[16;46H[25;63H16,32-46      All[16;46H[25;63H[K[25;1H:x"fact.c" 21L, 219C written
ansi@uclient:~/Theja/cw$ vi fact.c [D[D[D[D[D[D[D[D[D[D[4P./fact[D[D[D[D[D[Dgcc fact.c -o fact
ansi@uclient:~/Theja/cw$ gcc fact.c -o fact[D[D[D[D[D[D[D[D[D[D[D[D[D[D[D[D[D[D[8Pvi fact.c [D[D[D[D[D[D[D[D[D[Dgcc fact.c -o fact[D[D[D[D[D[D[D[D[D[D[D[D[D[D[D[D[D[D[8Pvi fact.c [D[D[D[D[D[D[D[D[D[D[4P./fact
Enter the n value5
The 1's factoreal is0
The 2's factoreal is0
The 3's factoreal is0
The 4's factoreal is0
The 5's factoreal is0
ansi@uclient:~/Theja/cw$ ./fact[D[D[D[D[D[Dgcc fact.c -o fact[D[D[D[D[D[D[D[D[D[D[D[D[D[D[D[D[D[D[8Pvi fact.c 
[2;1Hâ–½[6n[1;1H  [1;1H[m[m[0m[H[2J[25;1H"fact.c" 21L, 219C[4;1H[35m        #include[0m[31m<stdio.h>[0m[5;9H[32mint[0m main()[6;9H{[7;9H[32mint[0m i, no;[8;9H[32mint[0m f;[10;9Hprintf([31m"Enter the n value"[0m);[11;9Hscanf([31m"[0m[35m%d[0m[31m"[0m, &no);[12;9H[33mfor[0m (i=[31m1[0m; i <= no ; i++)[13;17H{[14;17Hf = f * i;[16;17Hprintf([31m"The [0m[35m%d[0m[31m's factoreal is[0m[35m%d\n[0m[31m"[0m,i ,f);[18;17H}[20;9H[33mreturn[0m [31m0[0m;[21;9H}
[1m[34m~                                                                               [23;1H~                                                                               [24;1H~                                                                               [0m[25;63H1,0-1[9CAll[1;1H[25;1H[1m-- INSERT --[0m[25;13H[K[25;63H1,1[11CAll[1;1H[25;63H2[2;1H[25;63H3[3;1H[25;63H4[4;1H[25;63H5[5;1H[25;63H6[6;1H[25;63H7[7;1H[25;65H2-9[7;9H[25;63H8[8;9H[25;65H3-10[8;10H[25;65H4-11[8;11H[25;65H5-12[8;12H[25;65H6-13[8;13H[25;65H7-14[8;14H=;[25;65H8-15[8;15H[31m1[0m;[25;65H9-16[8;16H[25;1H[K[8;15H[25;63H8,8-15[8CAll[8;15H[25;63H[K[25;1H:x"fact.c" 21L, 221C written
ansi@uclient:~/Theja/cw$ vi fact.c [D[D[D[D[D[D[D[D[D[D[4P./fact[D[D[D[D[D[Dgcc fact.c -o fact
ansi@uclient:~/Theja/cw$ gcc fact.c -o fact[D[D[D[D[D[D[D[D[D[D[D[D[D[D[D[D[D[D[8Pvi fact.c [D[D[D[D[D[D[D[D[D[D[4P./fact
Enter the n value5
The 1's factoreal is1
The 2's factoreal is2
The 3's factoreal is6
The 4's factoreal is24
The 5's factoreal is120
ansi@uclient:~/Theja/cw$ ./fact[D[D[D[D[D[Dgcc fact.c -o fact[D[D[D[D[D[D[D[D[D[D[D[D[D[D[D[D[D[D[8Pvi fact.c 
[2;1Hâ–½[6n[1;1H  [1;1H[m[m[0m[H[2J[25;1H"fact.c" 21L, 221C[4;1H[35m        #include[0m[31m<stdio.h>[0m[5;9H[32mint[0m main()[6;9H{[7;9H[32mint[0m i, no;[8;9H[32mint[0m f=[31m1[0m;[10;9Hprintf([31m"Enter the n value"[0m);[11;9Hscanf([31m"[0m[35m%d[0m[31m"[0m, &no);[12;9H[33mfor[0m (i=[31m1[0m; i <= no ; i++)[13;17H{[14;17Hf = f * i;[16;17Hprintf([31m"The [0m[35m%d[0m[31m's factoreal is[0m[35m%d\n[0m[31m"[0m,i ,f);[18;17H}[20;9H[33mreturn[0m [31m0[0m;[21;9H}
[1m[34m~                                                                               [23;1H~                                                                               [24;1H~                                                                               [0m[25;63H1,0-1[9CAll[1;1H[25;1H[1m-- INSERT --[0m[25;13H[K[25;63H1,1[11CAll[1;1H[25;63H2[2;1H[25;63H3[3;1H[25;63H4[4;1H[25;63H5[5;1H[25;63H6[6;1H[25;63H7[7;1H[25;63H8[8;1H[25;63H9[9;1H[25;63H10,1[10;1H[25;64H1[11;1H[25;64H2[12;1H[25;66H2-9[12;9H[25;66H3-10[12;10H[25;66H4-11[12;11H[25;66H5-12[12;12H [46m([18C)[0m[25;66H6-13[12;13H[25;63H[K[25;63H12,7-14[7CAll[12;14H([18C)[25;66H8-15[12;15H[25;66H9-16[12;16H[25;66H10-17[12;17H; i <= no ; i++)[12;32H[K[25;66H9-16 [12;16H[31m0[0m; i <= no ; i++)[25;66H10-17[12;17H[25;1H[K[12;16H[25;63H12,9-16[7CAll[12;16H[25;63H[K[25;1H:x"fact.c" 21L, 221C written
ansi@uclient:~/Theja/cw$ vi fact.c [D[D[D[D[D[D[D[D[D[D[4P./fact[D[D[D[D[D[Dgcc fact.c -o fact
ansi@uclient:~/Theja/cw$ gcc fact.c -o fact[D[D[D[D[D[D[D[D[D[D[D[D[D[D[D[D[D[D[8Pvi fact.c [D[D[D[D[D[D[D[D[D[D[4P./fact
Enter the n value10
The 0's factoreal is0
The 1's factoreal is0
The 2's factoreal is0
The 3's factoreal is0
The 4's factoreal is0
The 5's factoreal is0
The 6's factoreal is0
The 7's factoreal is0
The 8's factoreal is0
The 9's factoreal is0
The 10's factoreal is0
ansi@uclient:~/Theja/cw$ ./fact[D[D[D[D[D[Dgcc fact.c -o fact[D[D[D[D[D[D[D[D[D[D[D[D[D[D[D[D[D[D[8Pvi fact.c [D[D[D[D[D[D[D[D[D[D[4P./fact[D[D[D[D[D[Dvi fact.c [D[D[D[D[D[D[D[D[D[D[4P./fact[D[D[D[D[D[Dvi fact.c [D[D[D[D[D[D[D[D[D[D[4P./fact[D[D[D[D[D[Dvi fact.c 
[2;1Hâ–½[6n[1;1H  [1;1H[m[m[0m[H[2J[25;1H"fact.c" 21L, 221C[4;1H[35m        #include[0m[31m<stdio.h>[0m[5;9H[32mint[0m main()[6;9H{[7;9H[32mint[0m i, no;[8;9H[32mint[0m f=[31m1[0m;[10;9Hprintf([31m"Enter the n value"[0m);[11;9Hscanf([31m"[0m[35m%d[0m[31m"[0m, &no);[12;9H[33mfor[0m (i=[31m0[0m; i <= no ; i++)[13;17H{[14;17Hf = f * i;[16;17Hprintf([31m"The [0m[35m%d[0m[31m's factoreal is[0m[35m%d\n[0m[31m"[0m,i ,f);[18;17H}[20;9H[33mreturn[0m [31m0[0m;[21;9H}
[1m[34m~                                                                               [23;1H~                                                                               [24;1H~                                                                               [0m[25;63H1,0-1[9CAll[1;1H[25;1H[1m-- INSERT --[0m[25;13H[K[25;63H1,1[11CAll[1;1H[25;63H2[2;1H[25;63H3[3;1H[25;63H4[4;1H[25;63H5[5;1H[25;63H6[6;1H[25;63H7[7;1H[25;63H8[8;1H[25;63H9[9;1H[25;63H10,1[10;1H[25;64H1[11;1H[25;64H2[12;1H[25;64H3[13;1H[25;64H4[14;1H[25;64H5[15;1H[25;64H6[16;1H[25;66H2-9[16;9H[25;66H3-17[16;17H[25;64H5[15;17H[25;64H4[14;17H[13;17H[46m{[18;17H}[0m[25;64H3[13;17H{[18;17H}[25;64H2,10-17[12;17H[25;66H9-16 [12;16H[25;66H10-17[12;17H; i <= no ; i++)[12;32H[K[25;66H9-16 [12;16H[31m1[0m; i <= no ; i++)[25;66H10-17[12;17H[25;64H1[11;17H[25;64H0[10;17H[25;63H9,1     [9;1H[25;63H8,10-17[8;17H[25;65H9-16 [8;16H;[8;16H[K[25;65H8-15[8;15H[31m0[0m;[25;65H9-16[8;16H;[8;16